INFO:     Started server process [57608]
INFO:     Waiting for application startup.
INFO:     Application startup complete.
INFO:     Uvicorn running on http://0.0.0.0:8000 (Press CTRL+C to quit)
INFO: HTTP Request: POST https://api.hyperliquid.xyz/info "HTTP/1.1 200 OK"
INFO: HTTP Request: POST https://api.finam.ru/v1/sessions "HTTP/1.1 200 OK"
INFO: Finam /sessions status: 200
INFO: HTTP Request: GET https://api.finam.ru/v1/instruments/BMM6@RTSX/quotes/latest "HTTP/1.1 200 OK"
INFO: HTTP Request: GET https://api.finam.ru/v1/instruments/BMK6@RTSX/quotes/latest "HTTP/1.1 200 OK"
INFO: HTTP Request: POST https://api.hyperliquid.xyz/info "HTTP/1.1 200 OK"
INFO: HTTP Request: GET https://api.finam.ru/v1/instruments/BMM6@RTSX/bars?timeframe=TIME_FRAME_M5&interval.start_time=2026-04-23T13%3A25%3A00Z&interval.end_time=2026-04-23T13%3A34%3A43Z "HTTP/1.1 200 OK"
INFO: HTTP Request: POST https://api.hyperliquid.xyz/info "HTTP/1.1 200 OK"
INFO: HTTP Request: GET https://api.finam.ru/v1/instruments/BMM6@RTSX/bars?timeframe=TIME_FRAME_M15&interval.start_time=2026-04-23T13%3A15%3A00Z&interval.end_time=2026-04-23T13%3A34%3A57Z "HTTP/1.1 200 OK"
INFO: HTTP Request: GET https://api.finam.ru/v1/instruments/BMM6@RTSX/quotes/latest "HTTP/1.1 200 OK"
INFO: HTTP Request: POST https://api.hyperliquid.xyz/info "HTTP/1.1 200 OK"
INFO: HTTP Request: POST https://api.hyperliquid.xyz/info "HTTP/1.1 200 OK"
INFO: HTTP Request: GET https://api.finam.ru/v1/instruments/BMM6@RTSX/bars?timeframe=TIME_FRAME_H1&interval.start_time=2026-04-23T13%3A00%3A00Z&interval.end_time=2026-04-23T13%3A35%3A07Z "HTTP/1.1 200 OK"
INFO: HTTP Request: POST https://api.hyperliquid.xyz/info "HTTP/1.1 200 OK"
INFO: HTTP Request: GET https://api.finam.ru/v1/instruments/BMK6@RTSX/quotes/latest "HTTP/1.1 200 OK"
INFO: HTTP Request: POST https://api.hyperliquid.xyz/info "HTTP/1.1 200 OK"
INFO: HTTP Request: GET https://api.finam.ru/v1/instruments/BMM6@RTSX/quotes/latest "HTTP/1.1 200 OK"
INFO: HTTP Request: POST https://api.hyperliquid.xyz/info "HTTP/1.1 200 OK"
INFO: HTTP Request: GET https://api.finam.ru/v1/instruments/BMK6@RTSX/bars?timeframe=TIME_FRAME_M5&interval.start_time=2026-04-23T13%3A25%3A00Z&interval.end_time=2026-04-23T13%3A35%3A18Z "HTTP/1.1 200 OK"
INFO: HTTP Request: GET https://api.finam.ru/v1/instruments/BMK6@RTSX/quotes/latest "HTTP/1.1 200 OK"
INFO: HTTP Request: POST https://api.hyperliquid.xyz/info "HTTP/1.1 200 OK"
INFO: HTTP Request: POST https://api.hyperliquid.xyz/info "HTTP/1.1 200 OK"
INFO: HTTP Request: GET https://api.finam.ru/v1/instruments/BMM6@RTSX/quotes/latest "HTTP/1.1 200 OK"
INFO: HTTP Request: GET https://api.finam.ru/v1/instruments/BMK6@RTSX/bars?timeframe=TIME_FRAME_M15&interval.start_time=2026-04-23T13%3A15%3A00Z&interval.end_time=2026-04-23T13%3A35%3A39Z "HTTP/1.1 200 OK"
INFO: HTTP Request: POST https://api.hyperliquid.xyz/info "HTTP/1.1 200 OK"
INFO: HTTP Request: POST https://api.hyperliquid.xyz/info "HTTP/1.1 200 OK"
INFO: HTTP Request: GET https://api.finam.ru/v1/instruments/BMK6@RTSX/bars?timeframe=TIME_FRAME_H1&interval.start_time=2026-04-23T13%3A00%3A00Z&interval.end_time=2026-04-23T13%3A35%3A49Z "HTTP/1.1 200 OK"
INFO: HTTP Request: POST https://api.hyperliquid.xyz/info "HTTP/1.1 200 OK"
INFO: HTTP Request: GET https://api.finam.ru/v1/instruments/BMK6@RTSX/quotes/latest "HTTP/1.1 200 OK"
INFO: HTTP Request: POST https://api.hyperliquid.xyz/info "HTTP/1.1 200 OK"
INFO: HTTP Request: POST https://api.hyperliquid.xyz/info "HTTP/1.1 200 OK"
INFO: HTTP Request: GET https://api.finam.ru/v1/instruments/BMM6@RTSX/quotes/latest "HTTP/1.1 200 OK"
INFO: HTTP Request: GET https://api.finam.ru/v1/instruments/BMK6@RTSX/quotes/latest "HTTP/1.1 200 OK"
INFO: HTTP Request: POST https://api.hyperliquid.xyz/info "HTTP/1.1 200 OK"
INFO: HTTP Request: POST https://api.hyperliquid.xyz/info "HTTP/1.1 200 OK"
INFO: HTTP Request: GET https://api.finam.ru/v1/instruments/BMM6@RTSX/quotes/latest "HTTP/1.1 200 OK"
INFO: HTTP Request: GET https://api.finam.ru/v1/instruments/BMK6@RTSX/quotes/latest "HTTP/1.1 200 OK"
INFO: HTTP Request: POST https://api.hyperliquid.xyz/info "HTTP/1.1 200 OK"
INFO: HTTP Request: GET https://api.finam.ru/v1/instruments/BMM6@RTSX/quotes/latest "HTTP/1.1 200 OK"
INFO: HTTP Request: POST https://api.hyperliquid.xyz/info "HTTP/1.1 200 OK"
INFO: HTTP Request: POST https://api.hyperliquid.xyz/info "HTTP/1.1 200 OK"
INFO: HTTP Request: GET https://api.finam.ru/v1/instruments/BMK6@RTSX/quotes/latest "HTTP/1.1 200 OK"
INFO: HTTP Request: GET https://api.finam.ru/v1/instruments/BMM6@RTSX/quotes/latest "HTTP/1.1 200 OK"
INFO: HTTP Request: POST https://api.hyperliquid.xyz/info "HTTP/1.1 200 OK"
INFO: HTTP Request: POST https://api.hyperliquid.xyz/info "HTTP/1.1 200 OK"
INFO: HTTP Request: GET https://api.finam.ru/v1/instruments/BMK6@RTSX/quotes/latest "HTTP/1.1 200 OK"
INFO: HTTP Request: POST https://api.hyperliquid.xyz/info "HTTP/1.1 200 OK"
INFO: HTTP Request: GET https://api.finam.ru/v1/instruments/BMM6@RTSX/quotes/latest "HTTP/1.1 200 OK"
INFO: HTTP Request: GET https://api.finam.ru/v1/instruments/BMK6@RTSX/quotes/latest "HTTP/1.1 200 OK"
INFO: HTTP Request: POST https://api.hyperliquid.xyz/info "HTTP/1.1 200 OK"
INFO: HTTP Request: POST https://api.hyperliquid.xyz/info "HTTP/1.1 200 OK"
INFO: HTTP Request: GET https://api.finam.ru/v1/instruments/BMM6@RTSX/quotes/latest "HTTP/1.1 200 OK"
INFO: HTTP Request: GET https://api.finam.ru/v1/instruments/BMK6@RTSX/quotes/latest "HTTP/1.1 200 OK"
INFO: HTTP Request: POST https://api.hyperliquid.xyz/info "HTTP/1.1 200 OK"
INFO: HTTP Request: GET https://api.finam.ru/v1/instruments/BMM6@RTSX/quotes/latest "HTTP/1.1 200 OK"
INFO: HTTP Request: POST https://api.hyperliquid.xyz/info "HTTP/1.1 200 OK"
INFO: HTTP Request: GET https://api.finam.ru/v1/instruments/BMK6@RTSX/quotes/latest "HTTP/1.1 200 OK"
INFO: HTTP Request: POST https://api.hyperliquid.xyz/info "HTTP/1.1 200 OK"
INFO: HTTP Request: GET https://api.finam.ru/v1/instruments/BMM6@RTSX/quotes/latest "HTTP/1.1 200 OK"
INFO: HTTP Request: POST https://api.hyperliquid.xyz/info "HTTP/1.1 200 OK"
INFO: HTTP Request: GET https://api.finam.ru/v1/instruments/BMK6@RTSX/quotes/latest "HTTP/1.1 200 OK"
INFO: HTTP Request: POST https://api.hyperliquid.xyz/info "HTTP/1.1 200 OK"
INFO: HTTP Request: POST https://api.hyperliquid.xyz/info "HTTP/1.1 200 OK"
INFO: HTTP Request: POST https://api.finam.ru/v1/sessions "HTTP/1.1 200 OK"
INFO: Finam /sessions status: 200
INFO: HTTP Request: GET https://api.finam.ru/v1/instruments/BMM6@RTSX/quotes/latest "HTTP/1.1 200 OK"
INFO: HTTP Request: GET https://api.finam.ru/v1/instruments/BMK6@RTSX/quotes/latest "HTTP/1.1 200 OK"
INFO: HTTP Request: POST https://api.hyperliquid.xyz/info "HTTP/1.1 200 OK"
INFO: HTTP Request: GET https://api.finam.ru/v1/instruments/BMM6@RTSX/quotes/latest "HTTP/1.1 200 OK"
INFO: HTTP Request: POST https://api.hyperliquid.xyz/info "HTTP/1.1 200 OK"
INFO: HTTP Request: POST https://api.hyperliquid.xyz/info "HTTP/1.1 200 OK"
INFO: HTTP Request: GET https://api.finam.ru/v1/instruments/BMK6@RTSX/quotes/latest "HTTP/1.1 200 OK"
INFO: HTTP Request: GET https://api.finam.ru/v1/instruments/BMM6@RTSX/quotes/latest "HTTP/1.1 200 OK"
INFO: HTTP Request: POST https://api.hyperliquid.xyz/info "HTTP/1.1 200 OK"
INFO: HTTP Request: POST https://api.hyperliquid.xyz/info "HTTP/1.1 200 OK"
INFO: HTTP Request: GET https://api.finam.ru/v1/instruments/BMK6@RTSX/quotes/latest "HTTP/1.1 200 OK"
INFO: HTTP Request: POST https://api.hyperliquid.xyz/info "HTTP/1.1 200 OK"
INFO: HTTP Request: GET https://api.finam.ru/v1/instruments/BMM6@RTSX/quotes/latest "HTTP/1.1 200 OK"
INFO: HTTP Request: GET https://api.finam.ru/v1/instruments/BMK6@RTSX/quotes/latest "HTTP/1.1 200 OK"
INFO: HTTP Request: POST https://api.hyperliquid.xyz/info "HTTP/1.1 200 OK"
INFO: HTTP Request: GET https://api.finam.ru/v1/instruments/BMM6@RTSX/quotes/latest "HTTP/1.1 200 OK"
INFO: HTTP Request: POST https://api.hyperliquid.xyz/info "HTTP/1.1 200 OK"
INFO: HTTP Request: GET https://api.finam.ru/v1/instruments/BMK6@RTSX/quotes/latest "HTTP/1.1 200 OK"
INFO: HTTP Request: POST https://api.hyperliquid.xyz/info "HTTP/1.1 200 OK"
INFO: HTTP Request: POST https://api.hyperliquid.xyz/info "HTTP/1.1 200 OK"
INFO: HTTP Request: GET https://api.finam.ru/v1/instruments/BMM6@RTSX/quotes/latest "HTTP/1.1 200 OK"
INFO: HTTP Request: GET https://api.finam.ru/v1/instruments/BMK6@RTSX/quotes/latest "HTTP/1.1 200 OK"
INFO: HTTP Request: POST https://api.hyperliquid.xyz/info "HTTP/1.1 200 OK"
INFO: HTTP Request: GET https://api.finam.ru/v1/instruments/BMM6@RTSX/quotes/latest "HTTP/1.1 200 OK"
INFO: HTTP Request: POST https://api.hyperliquid.xyz/info "HTTP/1.1 200 OK"
INFO: HTTP Request: GET https://api.finam.ru/v1/instruments/BMK6@RTSX/quotes/latest "HTTP/1.1 200 OK"
INFO: HTTP Request: POST https://api.hyperliquid.xyz/info "HTTP/1.1 200 OK"
INFO: HTTP Request: GET https://api.finam.ru/v1/instruments/BMM6@RTSX/bars?timeframe=TIME_FRAME_M5&interval.start_time=2026-04-23T13%3A30%3A00Z&interval.end_time=2026-04-23T13%3A41%3A00Z "HTTP/1.1 200 OK"
INFO: HTTP Request: POST https://api.hyperliquid.xyz/info "HTTP/1.1 200 OK"
INFO: HTTP Request: POST https://api.hyperliquid.xyz/info "HTTP/1.1 200 OK"
INFO: HTTP Request: GET https://api.finam.ru/v1/instruments/BMM6@RTSX/quotes/latest "HTTP/1.1 200 OK"
INFO: HTTP Request: GET https://api.finam.ru/v1/instruments/BMM6@RTSX/bars?timeframe=TIME_FRAME_M15&interval.start_time=2026-04-23T13%3A30%3A00Z&interval.end_time=2026-04-23T13%3A41%3A14Z "HTTP/1.1 200 OK"
INFO: HTTP Request: POST https://api.hyperliquid.xyz/info "HTTP/1.1 200 OK"
INFO: HTTP Request: GET https://api.finam.ru/v1/instruments/BMK6@RTSX/quotes/latest "HTTP/1.1 200 OK"
INFO: HTTP Request: POST https://api.hyperliquid.xyz/info "HTTP/1.1 200 OK"
INFO: HTTP Request: GET https://api.finam.ru/v1/instruments/BMM6@RTSX/bars?timeframe=TIME_FRAME_H1&interval.start_time=2026-04-23T13%3A00%3A00Z&interval.end_time=2026-04-23T13%3A41%3A24Z "HTTP/1.1 200 OK"
INFO: HTTP Request: GET https://api.finam.ru/v1/instruments/BMM6@RTSX/quotes/latest "HTTP/1.1 200 OK"
INFO: HTTP Request: POST https://api.hyperliquid.xyz/info "HTTP/1.1 200 OK"
INFO: HTTP Request: POST https://api.hyperliquid.xyz/info "HTTP/1.1 200 OK"
INFO: HTTP Request: GET https://api.finam.ru/v1/instruments/BMK6@RTSX/quotes/latest "HTTP/1.1 200 OK"
INFO: HTTP Request: GET https://api.finam.ru/v1/instruments/BMK6@RTSX/bars?timeframe=TIME_FRAME_M5&interval.start_time=2026-04-23T13%3A30%3A00Z&interval.end_time=2026-04-23T13%3A41%3A39Z "HTTP/1.1 200 OK"
INFO: HTTP Request: POST https://api.hyperliquid.xyz/info "HTTP/1.1 200 OK"
INFO: HTTP Request: POST https://api.hyperliquid.xyz/info "HTTP/1.1 200 OK"
INFO: HTTP Request: GET https://api.finam.ru/v1/instruments/BMK6@RTSX/bars?timeframe=TIME_FRAME_M15&interval.start_time=2026-04-23T13%3A30%3A00Z&interval.end_time=2026-04-23T13%3A41%3A49Z "HTTP/1.1 200 OK"
INFO: HTTP Request: POST https://api.hyperliquid.xyz/info "HTTP/1.1 200 OK"
INFO: HTTP Request: GET https://api.finam.ru/v1/instruments/BMM6@RTSX/quotes/latest "HTTP/1.1 200 OK"
INFO: HTTP Request: POST https://api.hyperliquid.xyz/info "HTTP/1.1 200 OK"
INFO: HTTP Request: GET https://api.finam.ru/v1/instruments/BMK6@RTSX/bars?timeframe=TIME_FRAME_H1&interval.start_time=2026-04-23T13%3A00%3A00Z&interval.end_time=2026-04-23T13%3A42%3A00Z "HTTP/1.1 200 OK"
INFO: HTTP Request: POST https://api.hyperliquid.xyz/info "HTTP/1.1 200 OK"
INFO: HTTP Request: POST https://api.hyperliquid.xyz/info "HTTP/1.1 200 OK"
INFO: HTTP Request: GET https://api.finam.ru/v1/instruments/BMK6@RTSX/quotes/latest "HTTP/1.1 200 OK"
INFO: HTTP Request: POST https://api.hyperliquid.xyz/info "HTTP/1.1 200 OK"
INFO: HTTP Request: GET https://api.finam.ru/v1/instruments/BMM6@RTSX/quotes/latest "HTTP/1.1 200 OK"
INFO: HTTP Request: POST https://api.hyperliquid.xyz/info "HTTP/1.1 200 OK"
INFO: HTTP Request: GET https://api.finam.ru/v1/instruments/BMK6@RTSX/quotes/latest "HTTP/1.1 200 OK"
INFO: HTTP Request: GET https://api.finam.ru/v1/instruments/BMM6@RTSX/quotes/latest "HTTP/1.1 200 OK"
INFO: HTTP Request: POST https://api.hyperliquid.xyz/info "HTTP/1.1 200 OK"
INFO: HTTP Request: POST https://api.finam.ru/v1/sessions "HTTP/1.1 200 OK"
INFO: Finam /sessions status: 200
INFO: HTTP Request: POST https://api.hyperliquid.xyz/info "HTTP/1.1 200 OK"
INFO: HTTP Request: GET https://api.finam.ru/v1/instruments/BMK6@RTSX/quotes/latest "HTTP/1.1 200 OK"
INFO: HTTP Request: POST https://api.hyperliquid.xyz/info "HTTP/1.1 200 OK"
INFO: HTTP Request: GET https://api.finam.ru/v1/instruments/BMM6@RTSX/orderbook "HTTP/1.1 200 OK"
INFO: HTTP Request: GET https://api.finam.ru/v1/instruments/BMK6@RTSX/quotes/latest "HTTP/1.1 200 OK"
INFO: HTTP Request: POST https://api.hyperliquid.xyz/info "HTTP/1.1 200 OK"
INFO: HTTP Request: POST https://api.hyperliquid.xyz/info "HTTP/1.1 200 OK"
INFO: HTTP Request: GET https://api.finam.ru/v1/instruments/BMM6@RTSX/quotes/latest "HTTP/1.1 200 OK"
INFO: HTTP Request: GET https://api.finam.ru/v1/instruments/BMK6@RTSX/quotes/latest "HTTP/1.1 200 OK"
INFO: HTTP Request: POST https://api.hyperliquid.xyz/info "HTTP/1.1 200 OK"
INFO: HTTP Request: GET https://api.finam.ru/v1/instruments/BMM6@RTSX/quotes/latest "HTTP/1.1 200 OK"
INFO: HTTP Request: POST https://api.hyperliquid.xyz/info "HTTP/1.1 200 OK"
INFO: HTTP Request: GET https://api.finam.ru/v1/instruments/BMK6@RTSX/quotes/latest "HTTP/1.1 200 OK"
INFO: HTTP Request: POST https://api.hyperliquid.xyz/info "HTTP/1.1 200 OK"
INFO: HTTP Request: POST https://api.hyperliquid.xyz/info "HTTP/1.1 200 OK"
INFO: HTTP Request: GET https://api.finam.ru/v1/instruments/BMM6@RTSX/quotes/latest "HTTP/1.1 200 OK"
INFO: HTTP Request: GET https://api.finam.ru/v1/instruments/BMK6@RTSX/quotes/latest "HTTP/1.1 200 OK"
INFO: HTTP Request: POST https://api.hyperliquid.xyz/info "HTTP/1.1 200 OK"
INFO: HTTP Request: GET https://api.finam.ru/v1/instruments/BMM6@RTSX/quotes/latest "HTTP/1.1 200 OK"
INFO: HTTP Request: POST https://api.hyperliquid.xyz/info "HTTP/1.1 200 OK"
INFO: HTTP Request: GET https://api.finam.ru/v1/instruments/BMK6@RTSX/quotes/latest "HTTP/1.1 200 OK"
INFO: HTTP Request: POST https://api.hyperliquid.xyz/info "HTTP/1.1 200 OK"
INFO: HTTP Request: POST https://api.hyperliquid.xyz/info "HTTP/1.1 200 OK"
INFO: HTTP Request: POST https://api.finam.ru/v1/sessions "HTTP/1.1 200 OK"
INFO: Finam /sessions status: 200
INFO: HTTP Request: GET https://api.finam.ru/v1/instruments/BMM6@RTSX/quotes/latest "HTTP/1.1 200 OK"
INFO: HTTP Request: POST https://api.hyperliquid.xyz/info "HTTP/1.1 200 OK"
INFO: HTTP Request: GET https://api.finam.ru/v1/instruments/BMK6@RTSX/quotes/latest "HTTP/1.1 200 OK"
INFO: HTTP Request: GET https://api.finam.ru/v1/instruments/BMM6@RTSX/bars?timeframe=TIME_FRAME_M5&interval.start_time=2026-04-23T13%3A40%3A00Z&interval.end_time=2026-04-23T13%3A47%3A09Z "HTTP/1.1 200 OK"
INFO: HTTP Request: GET https://api.finam.ru/v1/instruments/BMM6@RTSX/quotes/latest "HTTP/1.1 200 OK"
INFO: HTTP Request: POST https://api.hyperliquid.xyz/info "HTTP/1.1 200 OK"
INFO: HTTP Request: POST https://api.hyperliquid.xyz/info "HTTP/1.1 200 OK"
INFO: HTTP Request: GET https://api.finam.ru/v1/instruments/BMK6@RTSX/quotes/latest "HTTP/1.1 200 OK"
INFO: HTTP Request: POST https://api.hyperliquid.xyz/info "HTTP/1.1 200 OK"
INFO: HTTP Request: GET https://api.finam.ru/v1/instruments/BMM6@RTSX/quotes/latest "HTTP/1.1 200 OK"
INFO: HTTP Request: POST https://api.hyperliquid.xyz/info "HTTP/1.1 200 OK"
INFO: HTTP Request: POST https://api.hyperliquid.xyz/info "HTTP/1.1 200 OK"
INFO: HTTP Request: GET https://api.finam.ru/v1/instruments/BMK6@RTSX/quotes/latest "HTTP/1.1 200 OK"
INFO: HTTP Request: GET https://api.finam.ru/v1/instruments/BMM6@RTSX/quotes/latest "HTTP/1.1 200 OK"
INFO: HTTP Request: POST https://api.hyperliquid.xyz/info "HTTP/1.1 200 OK"
INFO: HTTP Request: GET https://api.finam.ru/v1/instruments/BMK6@RTSX/quotes/latest "HTTP/1.1 200 OK"
INFO: HTTP Request: POST https://api.hyperliquid.xyz/info "HTTP/1.1 200 OK"
INFO: HTTP Request: GET https://api.finam.ru/v1/instruments/BMM6@RTSX/quotes/latest "HTTP/1.1 200 OK"
INFO: HTTP Request: POST https://api.hyperliquid.xyz/info "HTTP/1.1 200 OK"
INFO: HTTP Request: POST https://api.hyperliquid.xyz/info "HTTP/1.1 200 OK"
INFO: HTTP Request: GET https://api.finam.ru/v1/instruments/BMK6@RTSX/quotes/latest "HTTP/1.1 200 OK"
INFO: HTTP Request: GET https://api.finam.ru/v1/instruments/BMM6@RTSX/quotes/latest "HTTP/1.1 200 OK"
INFO: HTTP Request: POST https://api.hyperliquid.xyz/info "HTTP/1.1 200 OK"
INFO: HTTP Request: POST https://api.hyperliquid.xyz/info "HTTP/1.1 200 OK"
INFO: HTTP Request: GET https://api.finam.ru/v1/instruments/BMK6@RTSX/quotes/latest "HTTP/1.1 200 OK"
INFO: HTTP Request: POST https://api.hyperliquid.xyz/info "HTTP/1.1 200 OK"
INFO: HTTP Request: GET https://api.finam.ru/v1/instruments/BMM6@RTSX/quotes/latest "HTTP/1.1 200 OK"
INFO: HTTP Request: GET https://api.finam.ru/v1/instruments/BMK6@RTSX/quotes/latest "HTTP/1.1 200 OK"
INFO: HTTP Request: POST https://api.hyperliquid.xyz/info "HTTP/1.1 200 OK"
INFO: HTTP Request: POST https://api.hyperliquid.xyz/info "HTTP/1.1 200 OK"
INFO: HTTP Request: GET https://api.finam.ru/v1/instruments/BMM6@RTSX/quotes/latest "HTTP/1.1 200 OK"
WARNING: Finam bars request failed for BMM6@RTSX 15m: The read operation timed out
INFO: HTTP Request: POST https://api.hyperliquid.xyz/info "HTTP/1.1 200 OK"
INFO: HTTP Request: POST https://api.hyperliquid.xyz/info "HTTP/1.1 200 OK"
INFO: HTTP Request: GET https://api.finam.ru/v1/instruments/BMK6@RTSX/quotes/latest "HTTP/1.1 200 OK"
INFO: HTTP Request: GET https://api.finam.ru/v1/instruments/BMM6@RTSX/bars?timeframe=TIME_FRAME_H1&interval.start_time=2026-04-23T13%3A00%3A00Z&interval.end_time=2026-04-23T13%3A49%3A36Z "HTTP/1.1 200 OK"
INFO: HTTP Request: GET https://api.finam.ru/v1/instruments/BMM6@RTSX/quotes/latest "HTTP/1.1 200 OK"
INFO: HTTP Request: POST https://api.hyperliquid.xyz/info "HTTP/1.1 200 OK"
INFO: HTTP Request: POST https://api.hyperliquid.xyz/info "HTTP/1.1 200 OK"
INFO: HTTP Request: GET https://api.finam.ru/v1/instruments/BMK6@RTSX/bars?timeframe=TIME_FRAME_M5&interval.start_time=2026-04-23T13%3A40%3A00Z&interval.end_time=2026-04-23T13%3A49%3A47Z "HTTP/1.1 200 OK"
INFO: HTTP Request: GET https://api.finam.ru/v1/instruments/BMK6@RTSX/quotes/latest "HTTP/1.1 200 OK"
INFO: HTTP Request: POST https://api.hyperliquid.xyz/info "HTTP/1.1 200 OK"
INFO: HTTP Request: POST https://api.hyperliquid.xyz/info "HTTP/1.1 200 OK"
INFO: HTTP Request: GET https://api.finam.ru/v1/instruments/BMK6@RTSX/bars?timeframe=TIME_FRAME_M15&interval.start_time=2026-04-23T13%3A30%3A00Z&interval.end_time=2026-04-23T13%3A50%3A02Z "HTTP/1.1 200 OK"
INFO: HTTP Request: POST https://api.hyperliquid.xyz/info "HTTP/1.1 200 OK"
INFO: HTTP Request: GET https://api.finam.ru/v1/instruments/BMM6@RTSX/quotes/latest "HTTP/1.1 200 OK"
INFO: HTTP Request: POST https://api.hyperliquid.xyz/info "HTTP/1.1 200 OK"
INFO: HTTP Request: GET https://api.finam.ru/v1/instruments/BMK6@RTSX/bars?timeframe=TIME_FRAME_H1&interval.start_time=2026-04-23T13%3A00%3A00Z&interval.end_time=2026-04-23T13%3A50%3A13Z "HTTP/1.1 200 OK"
INFO: HTTP Request: GET https://api.finam.ru/v1/instruments/BMK6@RTSX/quotes/latest "HTTP/1.1 200 OK"
INFO: HTTP Request: POST https://api.hyperliquid.xyz/info "HTTP/1.1 200 OK"
INFO: HTTP Request: POST https://api.hyperliquid.xyz/info "HTTP/1.1 200 OK"
INFO: HTTP Request: GET https://api.finam.ru/v1/instruments/BMM6@RTSX/quotes/latest "HTTP/1.1 200 OK"
INFO: HTTP Request: POST https://api.hyperliquid.xyz/info "HTTP/1.1 200 OK"
INFO: HTTP Request: POST https://api.hyperliquid.xyz/info "HTTP/1.1 200 OK"
INFO: HTTP Request: GET https://api.finam.ru/v1/instruments/BMK6@RTSX/quotes/latest "HTTP/1.1 200 OK"
INFO: HTTP Request: GET https://api.finam.ru/v1/instruments/BMM6@RTSX/quotes/latest "HTTP/1.1 200 OK"
INFO: HTTP Request: POST https://api.hyperliquid.xyz/info "HTTP/1.1 200 OK"
INFO: HTTP Request: POST https://api.finam.ru/v1/sessions "HTTP/1.1 200 OK"
INFO: Finam /sessions status: 200
INFO: HTTP Request: POST https://api.hyperliquid.xyz/info "HTTP/1.1 200 OK"
INFO: HTTP Request: GET https://api.finam.ru/v1/instruments/BMK6@RTSX/quotes/latest "HTTP/1.1 200 OK"
INFO: HTTP Request: GET https://api.finam.ru/v1/instruments/BMM6@RTSX/quotes/latest "HTTP/1.1 200 OK"
INFO: HTTP Request: POST https://api.hyperliquid.xyz/info "HTTP/1.1 200 OK"
INFO: HTTP Request: POST https://api.hyperliquid.xyz/info "HTTP/1.1 200 OK"
INFO: HTTP Request: GET https://api.finam.ru/v1/instruments/BMK6@RTSX/quotes/latest "HTTP/1.1 200 OK"
INFO: HTTP Request: GET https://api.finam.ru/v1/instruments/BMM6@RTSX/quotes/latest "HTTP/1.1 200 OK"
INFO: HTTP Request: POST https://api.hyperliquid.xyz/info "HTTP/1.1 200 OK"
INFO: HTTP Request: POST https://api.hyperliquid.xyz/info "HTTP/1.1 200 OK"
INFO: HTTP Request: GET https://api.finam.ru/v1/instruments/BMK6@RTSX/quotes/latest "HTTP/1.1 200 OK"
INFO: HTTP Request: POST https://api.hyperliquid.xyz/info "HTTP/1.1 200 OK"
INFO: HTTP Request: GET https://api.finam.ru/v1/instruments/BMM6@RTSX/quotes/latest "HTTP/1.1 200 OK"
INFO: HTTP Request: GET https://api.finam.ru/v1/instruments/BMK6@RTSX/quotes/latest "HTTP/1.1 200 OK"
INFO: HTTP Request: POST https://api.hyperliquid.xyz/info "HTTP/1.1 200 OK"
INFO: HTTP Request: GET https://api.finam.ru/v1/instruments/BMM6@RTSX/quotes/latest "HTTP/1.1 200 OK"
INFO: HTTP Request: POST https://api.hyperliquid.xyz/info "HTTP/1.1 200 OK"
INFO: HTTP Request: GET https://api.finam.ru/v1/instruments/BMK6@RTSX/quotes/latest "HTTP/1.1 200 OK"
INFO: HTTP Request: POST https://api.hyperliquid.xyz/info "HTTP/1.1 200 OK"
INFO: HTTP Request: GET https://api.finam.ru/v1/instruments/BMM6@RTSX/quotes/latest "HTTP/1.1 200 OK"
INFO: HTTP Request: POST https://api.hyperliquid.xyz/info "HTTP/1.1 200 OK"
INFO: HTTP Request: POST https://api.hyperliquid.xyz/info "HTTP/1.1 200 OK"
INFO: HTTP Request: GET https://api.finam.ru/v1/instruments/BMK6@RTSX/quotes/latest "HTTP/1.1 200 OK"
INFO: HTTP Request: GET https://api.finam.ru/v1/instruments/BMM6@RTSX/quotes/latest "HTTP/1.1 200 OK"
INFO: HTTP Request: POST https://api.hyperliquid.xyz/info "HTTP/1.1 200 OK"
INFO: HTTP Request: POST https://api.hyperliquid.xyz/info "HTTP/1.1 200 OK"
INFO: HTTP Request: GET https://api.finam.ru/v1/instruments/BMK6@RTSX/orderbook "HTTP/1.1 200 OK"
INFO: HTTP Request: POST https://api.hyperliquid.xyz/info "HTTP/1.1 200 OK"
INFO: HTTP Request: POST https://api.finam.ru/v1/sessions "HTTP/1.1 200 OK"
INFO: Finam /sessions status: 200
INFO: HTTP Request: GET https://api.finam.ru/v1/instruments/BMM6@RTSX/quotes/latest "HTTP/1.1 200 OK"
INFO: HTTP Request: GET https://api.finam.ru/v1/instruments/BMM6@RTSX/bars?timeframe=TIME_FRAME_M5&interval.start_time=2026-04-23T13%3A45%3A00Z&interval.end_time=2026-04-23T13%3A55%3A28Z "HTTP/1.1 200 OK"
INFO: HTTP Request: POST https://api.hyperliquid.xyz/info "HTTP/1.1 200 OK"
INFO: HTTP Request: GET https://api.finam.ru/v1/instruments/BMK6@RTSX/quotes/latest "HTTP/1.1 200 OK"
INFO: HTTP Request: POST https://api.hyperliquid.xyz/info "HTTP/1.1 200 OK"
INFO: HTTP Request: GET https://api.finam.ru/v1/instruments/BMM6@RTSX/bars?timeframe=TIME_FRAME_M15&interval.start_time=2026-04-23T13%3A30%3A00Z&interval.end_time=2026-04-23T13%3A55%3A41Z "HTTP/1.1 200 OK"
INFO: HTTP Request: GET https://api.finam.ru/v1/instruments/BMM6@RTSX/quotes/latest "HTTP/1.1 200 OK"
INFO: HTTP Request: POST https://api.hyperliquid.xyz/info "HTTP/1.1 200 OK"
INFO: HTTP Request: POST https://api.hyperliquid.xyz/info "HTTP/1.1 200 OK"
INFO: HTTP Request: GET https://api.finam.ru/v1/instruments/BMK6@RTSX/quotes/latest "HTTP/1.1 200 OK"
INFO: HTTP Request: POST https://api.hyperliquid.xyz/info "HTTP/1.1 200 OK"
INFO: HTTP Request: GET https://api.finam.ru/v1/instruments/BMM6@RTSX/bars?timeframe=TIME_FRAME_H1&interval.start_time=2026-04-23T13%3A00%3A00Z&interval.end_time=2026-04-23T13%3A55%3A56Z "HTTP/1.1 200 OK"
INFO: HTTP Request: POST https://api.hyperliquid.xyz/info "HTTP/1.1 200 OK"
INFO: HTTP Request: POST https://api.hyperliquid.xyz/info "HTTP/1.1 200 OK"
INFO: HTTP Request: GET https://api.finam.ru/v1/instruments/BMK6@RTSX/bars?timeframe=TIME_FRAME_M5&interval.start_time=2026-04-23T13%3A45%3A00Z&interval.end_time=2026-04-23T13%3A56%3A07Z "HTTP/1.1 200 OK"
INFO: HTTP Request: GET https://api.finam.ru/v1/instruments/BMM6@RTSX/quotes/latest "HTTP/1.1 200 OK"
INFO: HTTP Request: POST https://api.hyperliquid.xyz/info "HTTP/1.1 200 OK"
INFO: HTTP Request: POST https://api.hyperliquid.xyz/info "HTTP/1.1 200 OK"
INFO: HTTP Request: GET https://api.finam.ru/v1/instruments/BMK6@RTSX/bars?timeframe=TIME_FRAME_M15&interval.start_time=2026-04-23T13%3A45%3A00Z&interval.end_time=2026-04-23T13%3A56%3A17Z "HTTP/1.1 200 OK"
INFO: HTTP Request: POST https://api.hyperliquid.xyz/info "HTTP/1.1 200 OK"
INFO: HTTP Request: GET https://api.finam.ru/v1/instruments/BMK6@RTSX/bars?timeframe=TIME_FRAME_H1&interval.start_time=2026-04-23T13%3A00%3A00Z&interval.end_time=2026-04-23T13%3A56%3A27Z "HTTP/1.1 200 OK"
INFO: HTTP Request: POST https://api.hyperliquid.xyz/info "HTTP/1.1 200 OK"
INFO: HTTP Request: GET https://api.finam.ru/v1/instruments/BMK6@RTSX/orderbook "HTTP/1.1 200 OK"
INFO: HTTP Request: POST https://api.hyperliquid.xyz/info "HTTP/1.1 200 OK"
INFO: HTTP Request: GET https://api.finam.ru/v1/instruments/BMM6@RTSX/quotes/latest "HTTP/1.1 200 OK"
INFO: HTTP Request: POST https://api.hyperliquid.xyz/info "HTTP/1.1 200 OK"
INFO: HTTP Request: GET https://api.finam.ru/v1/instruments/BMK6@RTSX/quotes/latest "HTTP/1.1 200 OK"
INFO: HTTP Request: POST https://api.hyperliquid.xyz/info "HTTP/1.1 200 OK"
INFO: HTTP Request: GET https://api.finam.ru/v1/instruments/BMM6@RTSX/orderbook "HTTP/1.1 200 OK"
INFO: HTTP Request: POST https://api.hyperliquid.xyz/info "HTTP/1.1 200 OK"
INFO: HTTP Request: POST https://api.finam.ru/v1/sessions "HTTP/1.1 200 OK"
INFO: Finam /sessions status: 200
INFO: HTTP Request: GET https://api.finam.ru/v1/instruments/BMK6@RTSX/quotes/latest "HTTP/1.1 200 OK"
INFO: HTTP Request: GET https://api.finam.ru/v1/instruments/BMM6@RTSX/quotes/latest "HTTP/1.1 200 OK"
INFO: HTTP Request: POST https://api.hyperliquid.xyz/info "HTTP/1.1 200 OK"
INFO: HTTP Request: GET https://api.finam.ru/v1/instruments/BMK6@RTSX/quotes/latest "HTTP/1.1 200 OK"
INFO: HTTP Request: POST https://api.hyperliquid.xyz/info "HTTP/1.1 200 OK"
INFO: HTTP Request: GET https://api.finam.ru/v1/instruments/BMM6@RTSX/bars?timeframe=TIME_FRAME_M5&interval.start_time=2026-04-23T13%3A50%3A00Z&interval.end_time=2026-04-23T14%3A01%3A37Z "HTTP/1.1 200 OK"
INFO: HTTP Request: POST https://api.hyperliquid.xyz/info "HTTP/1.1 200 OK"
INFO: HTTP Request: GET https://api.finam.ru/v1/instruments/BMM6@RTSX/quotes/latest "HTTP/1.1 200 OK"
INFO: HTTP Request: POST https://api.hyperliquid.xyz/info "HTTP/1.1 200 OK"
INFO: HTTP Request: GET https://api.finam.ru/v1/instruments/BMK6@RTSX/quotes/latest "HTTP/1.1 200 OK"
INFO: HTTP Request: POST https://api.hyperliquid.xyz/info "HTTP/1.1 200 OK"
INFO: HTTP Request: GET https://api.finam.ru/v1/instruments/BMM6@RTSX/bars?timeframe=TIME_FRAME_M15&interval.start_time=2026-04-23T13%3A45%3A00Z&interval.end_time=2026-04-23T14%3A01%3A52Z "HTTP/1.1 200 OK"
INFO: HTTP Request: POST https://api.hyperliquid.xyz/info "HTTP/1.1 200 OK"
INFO: HTTP Request: GET https://api.finam.ru/v1/instruments/BMM6@RTSX/quotes/latest "HTTP/1.1 200 OK"
INFO: HTTP Request: POST https://api.hyperliquid.xyz/info "HTTP/1.1 200 OK"
INFO: HTTP Request: GET https://api.finam.ru/v1/instruments/BMM6@RTSX/bars?timeframe=TIME_FRAME_H1&interval.start_time=2026-04-23T13%3A00%3A00Z&interval.end_time=2026-04-23T14%3A02%3A08Z "HTTP/1.1 200 OK"
INFO: HTTP Request: POST https://api.hyperliquid.xyz/info "HTTP/1.1 200 OK"
INFO: HTTP Request: GET https://api.finam.ru/v1/instruments/BMK6@RTSX/quotes/latest "HTTP/1.1 200 OK"
INFO: HTTP Request: POST https://api.hyperliquid.xyz/info "HTTP/1.1 200 OK"
INFO: HTTP Request: GET https://api.finam.ru/v1/instruments/BMK6@RTSX/bars?timeframe=TIME_FRAME_M5&interval.start_time=2026-04-23T13%3A55%3A00Z&interval.end_time=2026-04-23T14%3A02%3A18Z "HTTP/1.1 200 OK"
INFO: HTTP Request: GET https://api.finam.ru/v1/instruments/BMM6@RTSX/quotes/latest "HTTP/1.1 200 OK"
INFO: HTTP Request: POST https://api.hyperliquid.xyz/info "HTTP/1.1 200 OK"
INFO: HTTP Request: POST https://api.hyperliquid.xyz/info "HTTP/1.1 200 OK"
INFO: HTTP Request: GET https://api.finam.ru/v1/instruments/BMK6@RTSX/bars?timeframe=TIME_FRAME_M15&interval.start_time=2026-04-23T13%3A45%3A00Z&interval.end_time=2026-04-23T14%3A02%3A27Z "HTTP/1.1 200 OK"
INFO: HTTP Request: GET https://api.finam.ru/v1/instruments/BMK6@RTSX/quotes/latest "HTTP/1.1 200 OK"
INFO: HTTP Request: POST https://api.hyperliquid.xyz/info "HTTP/1.1 200 OK"
INFO: HTTP Request: POST https://api.hyperliquid.xyz/info "HTTP/1.1 200 OK"
INFO: HTTP Request: GET https://api.finam.ru/v1/instruments/BMK6@RTSX/bars?timeframe=TIME_FRAME_H1&interval.start_time=2026-04-23T13%3A00%3A00Z&interval.end_time=2026-04-23T14%3A02%3A38Z "HTTP/1.1 200 OK"
INFO: HTTP Request: GET https://api.finam.ru/v1/instruments/BMM6@RTSX/quotes/latest "HTTP/1.1 200 OK"
INFO: HTTP Request: POST https://api.hyperliquid.xyz/info "HTTP/1.1 200 OK"
INFO: HTTP Request: POST https://api.hyperliquid.xyz/info "HTTP/1.1 200 OK"
INFO: HTTP Request: GET https://api.finam.ru/v1/instruments/BMK6@RTSX/quotes/latest "HTTP/1.1 200 OK"
INFO: HTTP Request: POST https://api.hyperliquid.xyz/info "HTTP/1.1 200 OK"
INFO: HTTP Request: GET https://api.finam.ru/v1/instruments/BMM6@RTSX/quotes/latest "HTTP/1.1 200 OK"
INFO: HTTP Request: POST https://api.hyperliquid.xyz/info "HTTP/1.1 200 OK"
INFO: HTTP Request: POST https://api.hyperliquid.xyz/info "HTTP/1.1 200 OK"
INFO: HTTP Request: GET https://api.finam.ru/v1/instruments/BMK6@RTSX/quotes/latest "HTTP/1.1 200 OK"
INFO: HTTP Request: GET https://api.finam.ru/v1/instruments/BMM6@RTSX/quotes/latest "HTTP/1.1 200 OK"
INFO: HTTP Request: POST https://api.hyperliquid.xyz/info "HTTP/1.1 200 OK"
INFO: HTTP Request: GET https://api.finam.ru/v1/instruments/BMK6@RTSX/quotes/latest "HTTP/1.1 200 OK"
INFO: HTTP Request: POST https://api.hyperliquid.xyz/info "HTTP/1.1 200 OK"
INFO: HTTP Request: GET https://api.finam.ru/v1/instruments/BMM6@RTSX/quotes/latest "HTTP/1.1 200 OK"
INFO: HTTP Request: POST https://api.hyperliquid.xyz/info "HTTP/1.1 200 OK"
INFO: HTTP Request: GET https://api.finam.ru/v1/instruments/BMK6@RTSX/quotes/latest "HTTP/1.1 200 OK"
INFO: HTTP Request: POST https://api.hyperliquid.xyz/info "HTTP/1.1 200 OK"
INFO: HTTP Request: POST https://api.hyperliquid.xyz/info "HTTP/1.1 200 OK"
INFO: HTTP Request: GET https://api.finam.ru/v1/instruments/BMM6@RTSX/quotes/latest "HTTP/1.1 200 OK"
INFO: HTTP Request: POST https://api.hyperliquid.xyz/info "HTTP/1.1 200 OK"
INFO: HTTP Request: GET https://api.finam.ru/v1/instruments/BMK6@RTSX/quotes/latest "HTTP/1.1 200 OK"
INFO: HTTP Request: GET https://api.finam.ru/v1/instruments/BMM6@RTSX/quotes/latest "HTTP/1.1 200 OK"
INFO: HTTP Request: POST https://api.hyperliquid.xyz/info "HTTP/1.1 200 OK"
INFO: HTTP Request: POST https://api.hyperliquid.xyz/info "HTTP/1.1 200 OK"
INFO: HTTP Request: GET https://api.finam.ru/v1/instruments/BMK6@RTSX/quotes/latest "HTTP/1.1 200 OK"
INFO: HTTP Request: GET https://api.finam.ru/v1/instruments/BMM6@RTSX/quotes/latest "HTTP/1.1 200 OK"
INFO: HTTP Request: POST https://api.hyperliquid.xyz/info "HTTP/1.1 200 OK"
INFO: HTTP Request: GET https://api.finam.ru/v1/instruments/BMK6@RTSX/quotes/latest "HTTP/1.1 200 OK"
INFO: HTTP Request: POST https://api.hyperliquid.xyz/info "HTTP/1.1 200 OK"
INFO: HTTP Request: POST https://api.finam.ru/v1/sessions "HTTP/1.1 200 OK"
INFO: Finam /sessions status: 200
INFO: HTTP Request: POST https://api.hyperliquid.xyz/info "HTTP/1.1 200 OK"
INFO: HTTP Request: GET https://api.finam.ru/v1/instruments/BMM6@RTSX/quotes/latest "HTTP/1.1 200 OK"
INFO: HTTP Request: POST https://api.hyperliquid.xyz/info "HTTP/1.1 200 OK"
INFO: HTTP Request: GET https://api.finam.ru/v1/instruments/BMK6@RTSX/quotes/latest "HTTP/1.1 200 OK"
INFO: HTTP Request: GET https://api.finam.ru/v1/instruments/BMM6@RTSX/quotes/latest "HTTP/1.1 200 OK"
INFO: HTTP Request: POST https://api.hyperliquid.xyz/info "HTTP/1.1 200 OK"
INFO: HTTP Request: GET https://api.finam.ru/v1/instruments/BMK6@RTSX/quotes/latest "HTTP/1.1 200 OK"
INFO: HTTP Request: POST https://api.hyperliquid.xyz/info "HTTP/1.1 200 OK"
INFO: HTTP Request: POST https://api.hyperliquid.xyz/info "HTTP/1.1 200 OK"
INFO: HTTP Request: GET https://api.finam.ru/v1/instruments/BMM6@RTSX/quotes/latest "HTTP/1.1 200 OK"
INFO: HTTP Request: GET https://api.finam.ru/v1/instruments/BMK6@RTSX/quotes/latest "HTTP/1.1 200 OK"
INFO: HTTP Request: POST https://api.hyperliquid.xyz/info "HTTP/1.1 200 OK"
INFO: HTTP Request: GET https://api.finam.ru/v1/instruments/BMM6@RTSX/quotes/latest "HTTP/1.1 200 OK"
INFO: HTTP Request: POST https://api.hyperliquid.xyz/info "HTTP/1.1 200 OK"
INFO: HTTP Request: GET https://api.finam.ru/v1/instruments/BMK6@RTSX/quotes/latest "HTTP/1.1 200 OK"
INFO: HTTP Request: POST https://api.hyperliquid.xyz/info "HTTP/1.1 200 OK"
INFO: HTTP Request: GET https://api.finam.ru/v1/instruments/BMM6@RTSX/quotes/latest "HTTP/1.1 200 OK"
INFO: HTTP Request: POST https://api.hyperliquid.xyz/info "HTTP/1.1 200 OK"
INFO: HTTP Request: GET https://api.finam.ru/v1/instruments/BMK6@RTSX/quotes/latest "HTTP/1.1 200 OK"
INFO: HTTP Request: POST https://api.hyperliquid.xyz/info "HTTP/1.1 200 OK"
INFO: HTTP Request: POST https://api.hyperliquid.xyz/info "HTTP/1.1 200 OK"
INFO: HTTP Request: GET https://api.finam.ru/v1/instruments/BMM6@RTSX/bars?timeframe=TIME_FRAME_M5&interval.start_time=2026-04-23T14%3A00%3A00Z&interval.end_time=2026-04-23T14%3A07%3A50Z "HTTP/1.1 200 OK"
INFO: HTTP Request: POST https://api.hyperliquid.xyz/info "HTTP/1.1 200 OK"
INFO: HTTP Request: GET https://api.finam.ru/v1/instruments/BMM6@RTSX/bars?timeframe=TIME_FRAME_M15&interval.start_time=2026-04-23T14%3A00%3A00Z&interval.end_time=2026-04-23T14%3A08%3A03Z "HTTP/1.1 200 OK"
INFO: HTTP Request: POST https://api.hyperliquid.xyz/info "HTTP/1.1 200 OK"
INFO: HTTP Request: GET https://api.finam.ru/v1/instruments/BMM6@RTSX/bars?timeframe=TIME_FRAME_H1&interval.start_time=2026-04-23T14%3A00%3A00Z&interval.end_time=2026-04-23T14%3A08%3A14Z "HTTP/1.1 200 OK"
INFO: HTTP Request: POST https://api.hyperliquid.xyz/info "HTTP/1.1 200 OK"
INFO: HTTP Request: GET https://api.finam.ru/v1/instruments/BMK6@RTSX/bars?timeframe=TIME_FRAME_M5&interval.start_time=2026-04-23T14%3A00%3A00Z&interval.end_time=2026-04-23T14%3A08%3A29Z "HTTP/1.1 200 OK"
INFO: HTTP Request: POST https://api.hyperliquid.xyz/info "HTTP/1.1 200 OK"
INFO: HTTP Request: GET https://api.finam.ru/v1/instruments/BMK6@RTSX/bars?timeframe=TIME_FRAME_M15&interval.start_time=2026-04-23T14%3A00%3A00Z&interval.end_time=2026-04-23T14%3A08%3A42Z "HTTP/1.1 200 OK"
INFO: HTTP Request: GET https://api.finam.ru/v1/instruments/BMM6@RTSX/orderbook "HTTP/1.1 200 OK"
INFO: HTTP Request: POST https://api.hyperliquid.xyz/info "HTTP/1.1 200 OK"
INFO: HTTP Request: GET https://api.finam.ru/v1/instruments/BMK6@RTSX/bars?timeframe=TIME_FRAME_H1&interval.start_time=2026-04-23T14%3A00%3A00Z&interval.end_time=2026-04-23T14%3A09%3A01Z "HTTP/1.1 200 OK"
INFO: HTTP Request: GET https://api.finam.ru/v1/instruments/BMK6@RTSX/quotes/latest "HTTP/1.1 200 OK"
INFO: HTTP Request: POST https://api.hyperliquid.xyz/info "HTTP/1.1 200 OK"
INFO: HTTP Request: POST https://api.hyperliquid.xyz/info "HTTP/1.1 200 OK"
INFO: HTTP Request: POST https://api.hyperliquid.xyz/info "HTTP/1.1 200 OK"
INFO: HTTP Request: POST https://api.finam.ru/v1/sessions "HTTP/1.1 200 OK"
INFO: Finam /sessions status: 200
INFO: HTTP Request: GET https://api.finam.ru/v1/instruments/BMM6@RTSX/quotes/latest "HTTP/1.1 200 OK"
INFO: HTTP Request: GET https://api.finam.ru/v1/instruments/BMK6@RTSX/quotes/latest "HTTP/1.1 200 OK"
INFO: HTTP Request: POST https://api.hyperliquid.xyz/info "HTTP/1.1 200 OK"
INFO: HTTP Request: GET https://api.finam.ru/v1/instruments/BMM6@RTSX/quotes/latest "HTTP/1.1 200 OK"
INFO: HTTP Request: POST https://api.hyperliquid.xyz/info "HTTP/1.1 200 OK"
INFO: HTTP Request: GET https://api.finam.ru/v1/instruments/BMK6@RTSX/quotes/latest "HTTP/1.1 200 OK"
INFO: HTTP Request: POST https://api.hyperliquid.xyz/info "HTTP/1.1 200 OK"
INFO: HTTP Request: GET https://api.finam.ru/v1/instruments/BMM6@RTSX/quotes/latest "HTTP/1.1 200 OK"
INFO: HTTP Request: POST https://api.hyperliquid.xyz/info "HTTP/1.1 200 OK"
INFO: HTTP Request: GET https://api.finam.ru/v1/instruments/BMK6@RTSX/quotes/latest "HTTP/1.1 200 OK"
INFO: HTTP Request: POST https://api.hyperliquid.xyz/info "HTTP/1.1 200 OK"
INFO: HTTP Request: GET https://api.finam.ru/v1/instruments/BMM6@RTSX/quotes/latest "HTTP/1.1 200 OK"
INFO: HTTP Request: POST https://api.hyperliquid.xyz/info "HTTP/1.1 200 OK"
INFO: HTTP Request: GET https://api.finam.ru/v1/instruments/BMK6@RTSX/quotes/latest "HTTP/1.1 200 OK"
INFO: HTTP Request: POST https://api.hyperliquid.xyz/info "HTTP/1.1 200 OK"
INFO: HTTP Request: GET https://api.finam.ru/v1/instruments/BMM6@RTSX/quotes/latest "HTTP/1.1 200 OK"
INFO: HTTP Request: POST https://api.hyperliquid.xyz/info "HTTP/1.1 200 OK"
INFO: HTTP Request: GET https://api.finam.ru/v1/instruments/BMK6@RTSX/quotes/latest "HTTP/1.1 200 OK"
INFO: HTTP Request: POST https://api.hyperliquid.xyz/info "HTTP/1.1 200 OK"
INFO: HTTP Request: GET https://api.finam.ru/v1/instruments/BMM6@RTSX/quotes/latest "HTTP/1.1 200 OK"
INFO: HTTP Request: POST https://api.hyperliquid.xyz/info "HTTP/1.1 200 OK"
INFO: HTTP Request: GET https://api.finam.ru/v1/instruments/BMK6@RTSX/quotes/latest "HTTP/1.1 200 OK"
INFO: HTTP Request: POST https://api.hyperliquid.xyz/info "HTTP/1.1 200 OK"
INFO: HTTP Request: GET https://api.finam.ru/v1/instruments/BMM6@RTSX/quotes/latest "HTTP/1.1 200 OK"
INFO: HTTP Request: POST https://api.hyperliquid.xyz/info "HTTP/1.1 200 OK"
INFO: HTTP Request: GET https://api.finam.ru/v1/instruments/BMK6@RTSX/quotes/latest "HTTP/1.1 200 OK"
INFO: HTTP Request: POST https://api.hyperliquid.xyz/info "HTTP/1.1 200 OK"
INFO: HTTP Request: POST https://api.hyperliquid.xyz/info "HTTP/1.1 200 OK"
INFO: HTTP Request: GET https://api.finam.ru/v1/instruments/BMM6@RTSX/quotes/latest "HTTP/1.1 200 OK"
INFO: HTTP Request: POST https://api.hyperliquid.xyz/info "HTTP/1.1 200 OK"
INFO: HTTP Request: GET https://api.finam.ru/v1/instruments/BMK6@RTSX/quotes/latest "HTTP/1.1 200 OK"
INFO: HTTP Request: GET https://api.finam.ru/v1/instruments/BMM6@RTSX/quotes/latest "HTTP/1.1 200 OK"
INFO: HTTP Request: POST https://api.hyperliquid.xyz/info "HTTP/1.1 200 OK"
INFO: HTTP Request: POST https://api.hyperliquid.xyz/info "HTTP/1.1 200 OK"
INFO: HTTP Request: GET https://api.finam.ru/v1/instruments/BMK6@RTSX/quotes/latest "HTTP/1.1 200 OK"
INFO: HTTP Request: POST https://api.hyperliquid.xyz/info "HTTP/1.1 200 OK"
INFO: HTTP Request: GET https://api.finam.ru/v1/instruments/BMM6@RTSX/quotes/latest "HTTP/1.1 200 OK"
INFO: HTTP Request: GET https://api.finam.ru/v1/instruments/BMK6@RTSX/quotes/latest "HTTP/1.1 200 OK"
INFO: HTTP Request: POST https://api.hyperliquid.xyz/info "HTTP/1.1 200 OK"
INFO: HTTP Request: POST https://api.hyperliquid.xyz/info "HTTP/1.1 200 OK"
INFO: HTTP Request: GET https://api.finam.ru/v1/instruments/BMM6@RTSX/quotes/latest "HTTP/1.1 200 OK"
INFO: HTTP Request: GET https://api.finam.ru/v1/instruments/BMK6@RTSX/quotes/latest "HTTP/1.1 200 OK"
INFO: HTTP Request: POST https://api.hyperliquid.xyz/info "HTTP/1.1 200 OK"
INFO: HTTP Request: GET https://api.finam.ru/v1/instruments/BMM6@RTSX/quotes/latest "HTTP/1.1 200 OK"
INFO: HTTP Request: POST https://api.hyperliquid.xyz/info "HTTP/1.1 200 OK"
INFO: HTTP Request: POST https://api.finam.ru/v1/sessions "HTTP/1.1 200 OK"
INFO: Finam /sessions status: 200
INFO: HTTP Request: POST https://api.hyperliquid.xyz/info "HTTP/1.1 200 OK"
INFO: HTTP Request: GET https://api.finam.ru/v1/instruments/BMK6@RTSX/quotes/latest "HTTP/1.1 200 OK"
INFO: HTTP Request: GET https://api.finam.ru/v1/instruments/BMM6@RTSX/quotes/latest "HTTP/1.1 200 OK"
INFO: HTTP Request: POST https://api.hyperliquid.xyz/info "HTTP/1.1 200 OK"
INFO: HTTP Request: POST https://api.hyperliquid.xyz/info "HTTP/1.1 200 OK"
INFO: HTTP Request: GET https://api.finam.ru/v1/instruments/BMK6@RTSX/quotes/latest "HTTP/1.1 200 OK"
INFO: HTTP Request: GET https://api.finam.ru/v1/instruments/BMM6@RTSX/quotes/latest "HTTP/1.1 200 OK"
INFO: HTTP Request: POST https://api.hyperliquid.xyz/info "HTTP/1.1 200 OK"
INFO: HTTP Request: GET https://api.finam.ru/v1/instruments/BMK6@RTSX/quotes/latest "HTTP/1.1 200 OK"
INFO: HTTP Request: POST https://api.hyperliquid.xyz/info "HTTP/1.1 200 OK"
INFO: HTTP Request: GET https://api.finam.ru/v1/instruments/BMM6@RTSX/bars?timeframe=TIME_FRAME_M5&interval.start_time=2026-04-23T14%3A05%3A00Z&interval.end_time=2026-04-23T14%3A14%3A11Z "HTTP/1.1 200 OK"
INFO: HTTP Request: GET https://api.finam.ru/v1/instruments/BMM6@RTSX/quotes/latest "HTTP/1.1 200 OK"
INFO: HTTP Request: POST https://api.hyperliquid.xyz/info "HTTP/1.1 200 OK"
INFO: HTTP Request: POST https://api.hyperliquid.xyz/info "HTTP/1.1 200 OK"
INFO: HTTP Request: POST https://api.hyperliquid.xyz/info "HTTP/1.1 200 OK"
INFO: HTTP Request: GET https://api.finam.ru/v1/instruments/BMK6@RTSX/quotes/latest "HTTP/1.1 200 OK"
INFO: HTTP Request: GET https://api.finam.ru/v1/instruments/BMM6@RTSX/bars?timeframe=TIME_FRAME_M15&interval.start_time=2026-04-23T14%3A00%3A00Z&interval.end_time=2026-04-23T14%3A14%3A25Z "HTTP/1.1 200 OK"
INFO: HTTP Request: POST https://api.hyperliquid.xyz/info "HTTP/1.1 200 OK"
INFO: HTTP Request: GET https://api.finam.ru/v1/instruments/BMM6@RTSX/quotes/latest "HTTP/1.1 200 OK"
INFO: HTTP Request: POST https://api.hyperliquid.xyz/info "HTTP/1.1 200 OK"
INFO: HTTP Request: GET https://api.finam.ru/v1/instruments/BMM6@RTSX/bars?timeframe=TIME_FRAME_H1&interval.start_time=2026-04-23T14%3A00%3A00Z&interval.end_time=2026-04-23T14%3A14%3A51Z "HTTP/1.1 200 OK"
INFO: HTTP Request: GET https://api.finam.ru/v1/instruments/BMK6@RTSX/quotes/latest "HTTP/1.1 200 OK"
INFO: HTTP Request: POST https://api.hyperliquid.xyz/info "HTTP/1.1 200 OK"
INFO: HTTP Request: POST https://api.hyperliquid.xyz/info "HTTP/1.1 200 OK"
INFO: HTTP Request: GET https://api.finam.ru/v1/instruments/BMK6@RTSX/bars?timeframe=TIME_FRAME_M5&interval.start_time=2026-04-23T14%3A05%3A00Z&interval.end_time=2026-04-23T14%3A15%3A05Z "HTTP/1.1 200 OK"
INFO: HTTP Request: POST https://api.hyperliquid.xyz/info "HTTP/1.1 200 OK"
INFO: HTTP Request: GET https://api.finam.ru/v1/instruments/BMM6@RTSX/quotes/latest "HTTP/1.1 200 OK"
INFO: HTTP Request: POST https://api.hyperliquid.xyz/info "HTTP/1.1 200 OK"
INFO: HTTP Request: GET https://api.finam.ru/v1/instruments/BMK6@RTSX/bars?timeframe=TIME_FRAME_M15&interval.start_time=2026-04-23T14%3A00%3A00Z&interval.end_time=2026-04-23T14%3A15%3A15Z "HTTP/1.1 200 OK"
INFO: HTTP Request: POST https://api.hyperliquid.xyz/info "HTTP/1.1 200 OK"
INFO: HTTP Request: GET https://api.finam.ru/v1/instruments/BMK6@RTSX/quotes/latest "HTTP/1.1 200 OK"
INFO: HTTP Request: POST https://api.hyperliquid.xyz/info "HTTP/1.1 200 OK"
INFO: HTTP Request: GET https://api.finam.ru/v1/instruments/BMK6@RTSX/bars?timeframe=TIME_FRAME_H1&interval.start_time=2026-04-23T14%3A00%3A00Z&interval.end_time=2026-04-23T14%3A15%3A27Z "HTTP/1.1 200 OK"
INFO: HTTP Request: GET https://api.finam.ru/v1/instruments/BMM6@RTSX/quotes/latest "HTTP/1.1 200 OK"
INFO: HTTP Request: POST https://api.hyperliquid.xyz/info "HTTP/1.1 200 OK"
INFO: HTTP Request: POST https://api.hyperliquid.xyz/info "HTTP/1.1 200 OK"
INFO: HTTP Request: GET https://api.finam.ru/v1/instruments/BMK6@RTSX/quotes/latest "HTTP/1.1 200 OK"
INFO: HTTP Request: POST https://api.hyperliquid.xyz/info "HTTP/1.1 200 OK"
INFO: HTTP Request: GET https://api.finam.ru/v1/instruments/BMM6@RTSX/quotes/latest "HTTP/1.1 200 OK"
INFO: HTTP Request: POST https://api.hyperliquid.xyz/info "HTTP/1.1 200 OK"
INFO: HTTP Request: GET https://api.finam.ru/v1/instruments/BMK6@RTSX/quotes/latest "HTTP/1.1 200 OK"
INFO: HTTP Request: POST https://api.hyperliquid.xyz/info "HTTP/1.1 200 OK"
INFO: HTTP Request: POST https://api.hyperliquid.xyz/info "HTTP/1.1 200 OK"
INFO: HTTP Request: GET https://api.finam.ru/v1/instruments/BMM6@RTSX/orderbook "HTTP/1.1 200 OK"
INFO: HTTP Request: POST https://api.finam.ru/v1/sessions "HTTP/1.1 200 OK"
INFO: Finam /sessions status: 200
INFO: HTTP Request: POST https://api.hyperliquid.xyz/info "HTTP/1.1 200 OK"
INFO: HTTP Request: GET https://api.finam.ru/v1/instruments/BMK6@RTSX/quotes/latest "HTTP/1.1 200 OK"
INFO: HTTP Request: POST https://api.hyperliquid.xyz/info "HTTP/1.1 200 OK"
INFO: HTTP Request: GET https://api.finam.ru/v1/instruments/BMM6@RTSX/bars?timeframe=TIME_FRAME_M5&interval.start_time=2026-04-23T14%3A10%3A00Z&interval.end_time=2026-04-23T14%3A20%3A36Z "HTTP/1.1 200 OK"
INFO: HTTP Request: POST https://api.hyperliquid.xyz/info "HTTP/1.1 200 OK"
INFO: HTTP Request: GET https://api.finam.ru/v1/instruments/BMM6@RTSX/bars?timeframe=TIME_FRAME_M15&interval.start_time=2026-04-23T14%3A00%3A00Z&interval.end_time=2026-04-23T14%3A20%3A47Z "HTTP/1.1 200 OK"
INFO: HTTP Request: GET https://api.finam.ru/v1/instruments/BMM6@RTSX/orderbook "HTTP/1.1 200 OK"
INFO: HTTP Request: POST https://api.hyperliquid.xyz/info "HTTP/1.1 200 OK"
INFO: HTTP Request: POST https://api.hyperliquid.xyz/info "HTTP/1.1 200 OK"
INFO: HTTP Request: GET https://api.finam.ru/v1/instruments/BMM6@RTSX/bars?timeframe=TIME_FRAME_H1&interval.start_time=2026-04-23T14%3A00%3A00Z&interval.end_time=2026-04-23T14%3A20%3A58Z "HTTP/1.1 200 OK"
INFO: HTTP Request: GET https://api.finam.ru/v1/instruments/BMK6@RTSX/quotes/latest "HTTP/1.1 200 OK"
INFO: HTTP Request: POST https://api.hyperliquid.xyz/info "HTTP/1.1 200 OK"
INFO: HTTP Request: POST https://api.hyperliquid.xyz/info "HTTP/1.1 200 OK"
INFO: HTTP Request: GET https://api.finam.ru/v1/instruments/BMK6@RTSX/bars?timeframe=TIME_FRAME_M5&interval.start_time=2026-04-23T14%3A10%3A00Z&interval.end_time=2026-04-23T14%3A21%3A08Z "HTTP/1.1 200 OK"
INFO: HTTP Request: POST https://api.hyperliquid.xyz/info "HTTP/1.1 200 OK"
INFO: HTTP Request: GET https://api.finam.ru/v1/instruments/BMK6@RTSX/bars?timeframe=TIME_FRAME_M15&interval.start_time=2026-04-23T14%3A00%3A00Z&interval.end_time=2026-04-23T14%3A21%3A18Z "HTTP/1.1 200 OK"
INFO: HTTP Request: POST https://api.hyperliquid.xyz/info "HTTP/1.1 200 OK"
INFO: HTTP Request: GET https://api.finam.ru/v1/instruments/BMK6@RTSX/bars?timeframe=TIME_FRAME_H1&interval.start_time=2026-04-23T14%3A00%3A00Z&interval.end_time=2026-04-23T14%3A21%3A33Z "HTTP/1.1 200 OK"
WARNING: Hyperliquid request failed: _ssl.c:993: The handshake operation timed out
WARNING: Finam orderbook fallback failed: The read operation timed out
INFO: HTTP Request: POST https://api.finam.ru/v1/sessions "HTTP/1.1 200 OK"
INFO: Finam /sessions status: 200
INFO: HTTP Request: POST https://api.hyperliquid.xyz/info "HTTP/1.1 200 OK"
INFO: HTTP Request: GET https://api.finam.ru/v1/instruments/BMK6@RTSX/quotes/latest "HTTP/1.1 200 OK"
INFO: HTTP Request: GET https://api.finam.ru/v1/instruments/BMM6@RTSX/quotes/latest "HTTP/1.1 200 OK"
INFO: HTTP Request: POST https://api.hyperliquid.xyz/info "HTTP/1.1 200 OK"
INFO: HTTP Request: GET https://api.finam.ru/v1/instruments/BMK6@RTSX/quotes/latest "HTTP/1.1 200 OK"
INFO: HTTP Request: POST https://api.hyperliquid.xyz/info "HTTP/1.1 200 OK"
INFO: HTTP Request: POST https://api.hyperliquid.xyz/info "HTTP/1.1 200 OK"
INFO: HTTP Request: GET https://api.finam.ru/v1/instruments/BMM6@RTSX/quotes/latest "HTTP/1.1 200 OK"
INFO: HTTP Request: POST https://api.hyperliquid.xyz/info "HTTP/1.1 200 OK"
INFO: HTTP Request: GET https://api.finam.ru/v1/instruments/BMK6@RTSX/quotes/latest "HTTP/1.1 200 OK"
INFO: HTTP Request: GET https://api.finam.ru/v1/instruments/BMM6@RTSX/quotes/latest "HTTP/1.1 200 OK"
INFO: HTTP Request: POST https://api.hyperliquid.xyz/info "HTTP/1.1 200 OK"
INFO: HTTP Request: GET https://api.finam.ru/v1/instruments/BMK6@RTSX/quotes/latest "HTTP/1.1 200 OK"
INFO: HTTP Request: POST https://api.hyperliquid.xyz/info "HTTP/1.1 200 OK"
INFO: HTTP Request: GET https://api.finam.ru/v1/instruments/BMM6@RTSX/quotes/latest "HTTP/1.1 200 OK"
INFO: HTTP Request: GET https://api.finam.ru/v1/instruments/BMM6@RTSX/bars?timeframe=TIME_FRAME_M5&interval.start_time=2026-04-23T14%3A15%3A00Z&interval.end_time=2026-04-23T14%3A26%3A51Z "HTTP/1.1 200 OK"
INFO: HTTP Request: POST https://api.hyperliquid.xyz/info "HTTP/1.1 200 OK"
INFO: HTTP Request: POST https://api.hyperliquid.xyz/info "HTTP/1.1 200 OK"
INFO: HTTP Request: GET https://api.finam.ru/v1/instruments/BMK6@RTSX/quotes/latest "HTTP/1.1 200 OK"
INFO: HTTP Request: GET https://api.finam.ru/v1/instruments/BMM6@RTSX/bars?timeframe=TIME_FRAME_M15&interval.start_time=2026-04-23T14%3A15%3A00Z&interval.end_time=2026-04-23T14%3A27%3A02Z "HTTP/1.1 200 OK"
INFO: HTTP Request: POST https://api.hyperliquid.xyz/info "HTTP/1.1 200 OK"
INFO: HTTP Request: POST https://api.hyperliquid.xyz/info "HTTP/1.1 200 OK"
INFO: HTTP Request: GET https://api.finam.ru/v1/instruments/BMM6@RTSX/bars?timeframe=TIME_FRAME_H1&interval.start_time=2026-04-23T14%3A00%3A00Z&interval.end_time=2026-04-23T14%3A27%3A13Z "HTTP/1.1 200 OK"
INFO: HTTP Request: GET https://api.finam.ru/v1/instruments/BMM6@RTSX/quotes/latest "HTTP/1.1 200 OK"
INFO: HTTP Request: POST https://api.hyperliquid.xyz/info "HTTP/1.1 200 OK"
INFO: HTTP Request: POST https://api.hyperliquid.xyz/info "HTTP/1.1 200 OK"
INFO: HTTP Request: GET https://api.finam.ru/v1/instruments/BMK6@RTSX/bars?timeframe=TIME_FRAME_M5&interval.start_time=2026-04-23T14%3A20%3A00Z&interval.end_time=2026-04-23T14%3A27%3A23Z "HTTP/1.1 200 OK"
INFO: HTTP Request: GET https://api.finam.ru/v1/instruments/BMK6@RTSX/quotes/latest "HTTP/1.1 200 OK"
INFO: HTTP Request: POST https://api.hyperliquid.xyz/info "HTTP/1.1 200 OK"
INFO: HTTP Request: POST https://api.hyperliquid.xyz/info "HTTP/1.1 200 OK"
INFO: HTTP Request: POST https://api.hyperliquid.xyz/info "HTTP/1.1 200 OK"
INFO: HTTP Request: GET https://api.finam.ru/v1/instruments/BMM6@RTSX/quotes/latest "HTTP/1.1 200 OK"
INFO: HTTP Request: GET https://api.finam.ru/v1/instruments/BMK6@RTSX/bars?timeframe=TIME_FRAME_M15&interval.start_time=2026-04-23T14%3A15%3A00Z&interval.end_time=2026-04-23T14%3A27%3A33Z "HTTP/1.1 200 OK"
INFO: HTTP Request: GET https://api.finam.ru/v1/instruments/BMK6@RTSX/quotes/latest "HTTP/1.1 200 OK"
INFO: HTTP Request: POST https://api.hyperliquid.xyz/info "HTTP/1.1 200 OK"
INFO: HTTP Request: POST https://api.hyperliquid.xyz/info "HTTP/1.1 200 OK"
INFO: HTTP Request: GET https://api.finam.ru/v1/instruments/BMK6@RTSX/bars?timeframe=TIME_FRAME_H1&interval.start_time=2026-04-23T14%3A00%3A00Z&interval.end_time=2026-04-23T14%3A27%3A49Z "HTTP/1.1 200 OK"
INFO: HTTP Request: GET https://api.finam.ru/v1/instruments/BMM6@RTSX/quotes/latest "HTTP/1.1 200 OK"
INFO: HTTP Request: POST https://api.hyperliquid.xyz/info "HTTP/1.1 200 OK"
INFO: HTTP Request: POST https://api.hyperliquid.xyz/info "HTTP/1.1 200 OK"
INFO: HTTP Request: POST https://api.hyperliquid.xyz/info "HTTP/1.1 200 OK"
INFO: HTTP Request: GET https://api.finam.ru/v1/instruments/BMK6@RTSX/orderbook "HTTP/1.1 200 OK"
INFO: HTTP Request: POST https://api.finam.ru/v1/sessions "HTTP/1.1 200 OK"
INFO: Finam /sessions status: 200
INFO: HTTP Request: POST https://api.hyperliquid.xyz/info "HTTP/1.1 200 OK"
INFO: HTTP Request: GET https://api.finam.ru/v1/instruments/BMM6@RTSX/quotes/latest "HTTP/1.1 200 OK"
INFO: HTTP Request: GET https://api.finam.ru/v1/instruments/BMK6@RTSX/quotes/latest "HTTP/1.1 200 OK"
INFO: HTTP Request: POST https://api.hyperliquid.xyz/info "HTTP/1.1 200 OK"
INFO: HTTP Request: POST https://api.hyperliquid.xyz/info "HTTP/1.1 200 OK"
INFO: HTTP Request: GET https://api.finam.ru/v1/instruments/BMM6@RTSX/quotes/latest "HTTP/1.1 200 OK"
INFO: HTTP Request: POST https://api.hyperliquid.xyz/info "HTTP/1.1 200 OK"
INFO: HTTP Request: GET https://api.finam.ru/v1/instruments/BMM6@RTSX/bars?timeframe=TIME_FRAME_M5&interval.start_time=2026-04-23T14%3A25%3A00Z&interval.end_time=2026-04-23T14%3A33%3A01Z "HTTP/1.1 200 OK"
INFO: HTTP Request: POST https://api.hyperliquid.xyz/info "HTTP/1.1 200 OK"
INFO: HTTP Request: GET https://api.finam.ru/v1/instruments/BMM6@RTSX/bars?timeframe=TIME_FRAME_M15&interval.start_time=2026-04-23T14%3A15%3A00Z&interval.end_time=2026-04-23T14%3A33%3A19Z "HTTP/1.1 200 OK"
INFO: HTTP Request: POST https://api.hyperliquid.xyz/info "HTTP/1.1 200 OK"
INFO: HTTP Request: GET https://api.finam.ru/v1/instruments/BMM6@RTSX/bars?timeframe=TIME_FRAME_H1&interval.start_time=2026-04-23T14%3A00%3A00Z&interval.end_time=2026-04-23T14%3A33%3A30Z "HTTP/1.1 200 OK"
INFO: HTTP Request: POST https://api.hyperliquid.xyz/info "HTTP/1.1 200 OK"
INFO: HTTP Request: GET https://api.finam.ru/v1/instruments/BMK6@RTSX/bars?timeframe=TIME_FRAME_M5&interval.start_time=2026-04-23T14%3A25%3A00Z&interval.end_time=2026-04-23T14%3A33%3A40Z "HTTP/1.1 200 OK"
INFO: HTTP Request: POST https://api.hyperliquid.xyz/info "HTTP/1.1 200 OK"
INFO: HTTP Request: GET https://api.finam.ru/v1/instruments/BMK6@RTSX/bars?timeframe=TIME_FRAME_M15&interval.start_time=2026-04-23T14%3A15%3A00Z&interval.end_time=2026-04-23T14%3A33%3A51Z "HTTP/1.1 200 OK"
INFO: HTTP Request: POST https://api.hyperliquid.xyz/info "HTTP/1.1 200 OK"
INFO: HTTP Request: GET https://api.finam.ru/v1/instruments/BMK6@RTSX/bars?timeframe=TIME_FRAME_H1&interval.start_time=2026-04-23T14%3A00%3A00Z&interval.end_time=2026-04-23T14%3A34%3A01Z "HTTP/1.1 200 OK"
INFO: HTTP Request: POST https://api.hyperliquid.xyz/info "HTTP/1.1 200 OK"
WARNING: Finam orderbook fallback failed: The read operation timed out
INFO: HTTP Request: POST https://api.finam.ru/v1/sessions "HTTP/1.1 200 OK"
INFO: Finam /sessions status: 200
INFO: HTTP Request: POST https://api.hyperliquid.xyz/info "HTTP/1.1 200 OK"
INFO: HTTP Request: GET https://api.finam.ru/v1/instruments/BMM6@RTSX/quotes/latest "HTTP/1.1 200 OK"
INFO: HTTP Request: GET https://api.finam.ru/v1/instruments/BMK6@RTSX/quotes/latest "HTTP/1.1 200 OK"
INFO: HTTP Request: POST https://api.hyperliquid.xyz/info "HTTP/1.1 200 OK"
INFO: HTTP Request: POST https://api.hyperliquid.xyz/info "HTTP/1.1 200 OK"
INFO: HTTP Request: GET https://api.finam.ru/v1/instruments/BMM6@RTSX/quotes/latest "HTTP/1.1 200 OK"
INFO: HTTP Request: GET https://api.finam.ru/v1/instruments/BMK6@RTSX/quotes/latest "HTTP/1.1 200 OK"
INFO: HTTP Request: POST https://api.hyperliquid.xyz/info "HTTP/1.1 200 OK"
INFO: HTTP Request: GET https://api.finam.ru/v1/instruments/BMM6@RTSX/quotes/latest "HTTP/1.1 200 OK"
INFO: HTTP Request: POST https://api.hyperliquid.xyz/info "HTTP/1.1 200 OK"
INFO: HTTP Request: GET https://api.finam.ru/v1/instruments/BMK6@RTSX/quotes/latest "HTTP/1.1 200 OK"
INFO: HTTP Request: POST https://api.hyperliquid.xyz/info "HTTP/1.1 200 OK"
INFO: HTTP Request: GET https://api.finam.ru/v1/instruments/BMM6@RTSX/quotes/latest "HTTP/1.1 200 OK"
INFO: HTTP Request: POST https://api.hyperliquid.xyz/info "HTTP/1.1 200 OK"
INFO: HTTP Request: GET https://api.finam.ru/v1/instruments/BMK6@RTSX/quotes/latest "HTTP/1.1 200 OK"
INFO: HTTP Request: POST https://api.hyperliquid.xyz/info "HTTP/1.1 200 OK"
INFO: HTTP Request: POST https://api.hyperliquid.xyz/info "HTTP/1.1 200 OK"
INFO: HTTP Request: GET https://api.finam.ru/v1/instruments/BMM6@RTSX/quotes/latest "HTTP/1.1 200 OK"
INFO: HTTP Request: GET https://api.finam.ru/v1/instruments/BMK6@RTSX/quotes/latest "HTTP/1.1 200 OK"
INFO: HTTP Request: POST https://api.hyperliquid.xyz/info "HTTP/1.1 200 OK"
INFO: HTTP Request: GET https://api.finam.ru/v1/instruments/BMM6@RTSX/quotes/latest "HTTP/1.1 200 OK"
INFO: HTTP Request: POST https://api.hyperliquid.xyz/info "HTTP/1.1 200 OK"
INFO: HTTP Request: GET https://api.finam.ru/v1/instruments/BMK6@RTSX/quotes/latest "HTTP/1.1 200 OK"
INFO: HTTP Request: POST https://api.hyperliquid.xyz/info "HTTP/1.1 200 OK"
INFO: HTTP Request: GET https://api.finam.ru/v1/instruments/BMM6@RTSX/quotes/latest "HTTP/1.1 200 OK"
INFO: HTTP Request: POST https://api.hyperliquid.xyz/info "HTTP/1.1 200 OK"
INFO: HTTP Request: GET https://api.finam.ru/v1/instruments/BMK6@RTSX/quotes/latest "HTTP/1.1 200 OK"
INFO: HTTP Request: POST https://api.hyperliquid.xyz/info "HTTP/1.1 200 OK"
INFO: HTTP Request: GET https://api.finam.ru/v1/instruments/BMM6@RTSX/quotes/latest "HTTP/1.1 200 OK"
INFO: HTTP Request: POST https://api.hyperliquid.xyz/info "HTTP/1.1 200 OK"
INFO: HTTP Request: GET https://api.finam.ru/v1/instruments/BMK6@RTSX/quotes/latest "HTTP/1.1 200 OK"
INFO: HTTP Request: POST https://api.hyperliquid.xyz/info "HTTP/1.1 200 OK"
INFO: HTTP Request: POST https://api.hyperliquid.xyz/info "HTTP/1.1 200 OK"
INFO: HTTP Request: GET https://api.finam.ru/v1/instruments/BMM6@RTSX/quotes/latest "HTTP/1.1 200 OK"
INFO: HTTP Request: GET https://api.finam.ru/v1/instruments/BMK6@RTSX/quotes/latest "HTTP/1.1 200 OK"
INFO: HTTP Request: POST https://api.hyperliquid.xyz/info "HTTP/1.1 200 OK"
INFO: HTTP Request: GET https://api.finam.ru/v1/instruments/BMM6@RTSX/quotes/latest "HTTP/1.1 200 OK"
INFO: HTTP Request: POST https://api.hyperliquid.xyz/info "HTTP/1.1 200 OK"
INFO: HTTP Request: GET https://api.finam.ru/v1/instruments/BMK6@RTSX/quotes/latest "HTTP/1.1 200 OK"
INFO: HTTP Request: POST https://api.hyperliquid.xyz/info "HTTP/1.1 200 OK"
INFO: HTTP Request: POST https://api.hyperliquid.xyz/info "HTTP/1.1 200 OK"
INFO: HTTP Request: GET https://api.finam.ru/v1/instruments/BMM6@RTSX/quotes/latest "HTTP/1.1 200 OK"
INFO: HTTP Request: POST https://api.hyperliquid.xyz/info "HTTP/1.1 200 OK"
INFO: HTTP Request: GET https://api.finam.ru/v1/instruments/BMK6@RTSX/quotes/latest "HTTP/1.1 200 OK"
INFO: HTTP Request: GET https://api.finam.ru/v1/instruments/BMM6@RTSX/quotes/latest "HTTP/1.1 200 OK"
INFO: HTTP Request: POST https://api.hyperliquid.xyz/info "HTTP/1.1 200 OK"
INFO: HTTP Request: POST https://api.hyperliquid.xyz/info "HTTP/1.1 200 OK"
INFO: HTTP Request: GET https://api.finam.ru/v1/instruments/BMK6@RTSX/quotes/latest "HTTP/1.1 200 OK"
INFO: HTTP Request: POST https://api.finam.ru/v1/sessions "HTTP/1.1 200 OK"
INFO: Finam /sessions status: 200
INFO: HTTP Request: POST https://api.hyperliquid.xyz/info "HTTP/1.1 200 OK"
INFO: HTTP Request: GET https://api.finam.ru/v1/instruments/BMM6@RTSX/quotes/latest "HTTP/1.1 200 OK"
INFO: HTTP Request: POST https://api.finam.ru/v1/sessions "HTTP/1.1 200 OK"
INFO: Finam /sessions status: 200
INFO: HTTP Request: GET https://api.finam.ru/v1/instruments/BMM6@RTSX/bars?timeframe=TIME_FRAME_M5&interval.start_time=2026-04-23T14%3A30%3A00Z&interval.end_time=2026-04-23T14%3A39%3A13Z "HTTP/1.1 200 OK"
INFO: HTTP Request: GET https://api.finam.ru/v1/instruments/BMK6@RTSX/quotes/latest "HTTP/1.1 200 OK"
INFO: HTTP Request: POST https://api.hyperliquid.xyz/info "HTTP/1.1 200 OK"
INFO: HTTP Request: POST https://api.hyperliquid.xyz/info "HTTP/1.1 200 OK"
INFO: HTTP Request: GET https://api.finam.ru/v1/instruments/BMM6@RTSX/bars?timeframe=TIME_FRAME_M15&interval.start_time=2026-04-23T14%3A30%3A00Z&interval.end_time=2026-04-23T14%3A39%3A33Z "HTTP/1.1 200 OK"
INFO: HTTP Request: GET https://api.finam.ru/v1/instruments/BMM6@RTSX/quotes/latest "HTTP/1.1 200 OK"
INFO: HTTP Request: POST https://api.hyperliquid.xyz/info "HTTP/1.1 200 OK"
INFO: HTTP Request: POST https://api.hyperliquid.xyz/info "HTTP/1.1 200 OK"
INFO: HTTP Request: GET https://api.finam.ru/v1/instruments/BMM6@RTSX/bars?timeframe=TIME_FRAME_H1&interval.start_time=2026-04-23T14%3A00%3A00Z&interval.end_time=2026-04-23T14%3A39%3A44Z "HTTP/1.1 200 OK"
INFO: HTTP Request: POST https://api.hyperliquid.xyz/info "HTTP/1.1 200 OK"
INFO: HTTP Request: POST https://api.hyperliquid.xyz/info "HTTP/1.1 200 OK"
INFO: HTTP Request: GET https://api.finam.ru/v1/instruments/BMK6@RTSX/bars?timeframe=TIME_FRAME_M5&interval.start_time=2026-04-23T14%3A30%3A00Z&interval.end_time=2026-04-23T14%3A39%3A54Z "HTTP/1.1 200 OK"
INFO: HTTP Request: POST https://api.hyperliquid.xyz/info "HTTP/1.1 200 OK"
INFO: HTTP Request: GET https://api.finam.ru/v1/instruments/BMK6@RTSX/bars?timeframe=TIME_FRAME_M15&interval.start_time=2026-04-23T14%3A30%3A00Z&interval.end_time=2026-04-23T14%3A40%3A04Z "HTTP/1.1 200 OK"
INFO: HTTP Request: POST https://api.hyperliquid.xyz/info "HTTP/1.1 200 OK"
INFO: HTTP Request: GET https://api.finam.ru/v1/instruments/BMK6@RTSX/bars?timeframe=TIME_FRAME_H1&interval.start_time=2026-04-23T14%3A00%3A00Z&interval.end_time=2026-04-23T14%3A40%3A14Z "HTTP/1.1 200 OK"
INFO: HTTP Request: POST https://api.hyperliquid.xyz/info "HTTP/1.1 200 OK"
INFO: HTTP Request: GET https://api.finam.ru/v1/instruments/BMK6@RTSX/orderbook "HTTP/1.1 200 OK"
INFO: HTTP Request: GET https://api.finam.ru/v1/instruments/BMM6@RTSX/quotes/latest "HTTP/1.1 200 OK"
INFO: HTTP Request: POST https://api.hyperliquid.xyz/info "HTTP/1.1 200 OK"
INFO: HTTP Request: GET https://api.finam.ru/v1/instruments/BMK6@RTSX/quotes/latest "HTTP/1.1 200 OK"
INFO: HTTP Request: POST https://api.hyperliquid.xyz/info "HTTP/1.1 200 OK"
INFO: HTTP Request: POST https://api.hyperliquid.xyz/info "HTTP/1.1 200 OK"
INFO: HTTP Request: GET https://api.finam.ru/v1/instruments/BMM6@RTSX/quotes/latest "HTTP/1.1 200 OK"
INFO: HTTP Request: GET https://api.finam.ru/v1/instruments/BMK6@RTSX/quotes/latest "HTTP/1.1 200 OK"
INFO: HTTP Request: POST https://api.hyperliquid.xyz/info "HTTP/1.1 200 OK"
INFO: HTTP Request: POST https://api.hyperliquid.xyz/info "HTTP/1.1 200 OK"
INFO: HTTP Request: GET https://api.finam.ru/v1/instruments/BMM6@RTSX/quotes/latest "HTTP/1.1 200 OK"
INFO: HTTP Request: GET https://api.finam.ru/v1/instruments/BMK6@RTSX/quotes/latest "HTTP/1.1 200 OK"
INFO: HTTP Request: POST https://api.hyperliquid.xyz/info "HTTP/1.1 200 OK"
INFO: HTTP Request: GET https://api.finam.ru/v1/instruments/BMM6@RTSX/quotes/latest "HTTP/1.1 200 OK"
INFO: HTTP Request: POST https://api.hyperliquid.xyz/info "HTTP/1.1 200 OK"
INFO: HTTP Request: GET https://api.finam.ru/v1/instruments/BMK6@RTSX/quotes/latest "HTTP/1.1 200 OK"
INFO: HTTP Request: POST https://api.hyperliquid.xyz/info "HTTP/1.1 200 OK"
INFO: HTTP Request: POST https://api.hyperliquid.xyz/info "HTTP/1.1 200 OK"
INFO: HTTP Request: GET https://api.finam.ru/v1/instruments/BMM6@RTSX/quotes/latest "HTTP/1.1 200 OK"
INFO: HTTP Request: POST https://api.finam.ru/v1/sessions "HTTP/1.1 200 OK"
INFO: Finam /sessions status: 200
INFO: HTTP Request: POST https://api.hyperliquid.xyz/info "HTTP/1.1 200 OK"
INFO: HTTP Request: GET https://api.finam.ru/v1/instruments/BMK6@RTSX/quotes/latest "HTTP/1.1 200 OK"
INFO: HTTP Request: GET https://api.finam.ru/v1/instruments/BMM6@RTSX/quotes/latest "HTTP/1.1 200 OK"
INFO: HTTP Request: POST https://api.hyperliquid.xyz/info "HTTP/1.1 200 OK"
INFO: HTTP Request: GET https://api.finam.ru/v1/instruments/BMK6@RTSX/quotes/latest "HTTP/1.1 200 OK"
INFO: HTTP Request: POST https://api.hyperliquid.xyz/info "HTTP/1.1 200 OK"
INFO: HTTP Request: POST https://api.hyperliquid.xyz/info "HTTP/1.1 200 OK"
INFO: HTTP Request: GET https://api.finam.ru/v1/instruments/BMM6@RTSX/quotes/latest "HTTP/1.1 200 OK"
INFO: HTTP Request: GET https://api.finam.ru/v1/instruments/BMK6@RTSX/quotes/latest "HTTP/1.1 200 OK"
INFO: HTTP Request: POST https://api.hyperliquid.xyz/info "HTTP/1.1 200 OK"
INFO: HTTP Request: GET https://api.finam.ru/v1/instruments/BMM6@RTSX/quotes/latest "HTTP/1.1 200 OK"
INFO: HTTP Request: POST https://api.hyperliquid.xyz/info "HTTP/1.1 200 OK"
INFO: HTTP Request: GET https://api.finam.ru/v1/instruments/BMK6@RTSX/quotes/latest "HTTP/1.1 200 OK"
INFO: HTTP Request: POST https://api.hyperliquid.xyz/info "HTTP/1.1 200 OK"
INFO: HTTP Request: GET https://api.finam.ru/v1/instruments/BMM6@RTSX/quotes/latest "HTTP/1.1 200 OK"
INFO: HTTP Request: POST https://api.hyperliquid.xyz/info "HTTP/1.1 200 OK"
INFO: HTTP Request: GET https://api.finam.ru/v1/instruments/BMK6@RTSX/quotes/latest "HTTP/1.1 200 OK"
INFO: HTTP Request: POST https://api.hyperliquid.xyz/info "HTTP/1.1 200 OK"
INFO: HTTP Request: GET https://api.finam.ru/v1/instruments/BMM6@RTSX/quotes/latest "HTTP/1.1 200 OK"
INFO: HTTP Request: POST https://api.hyperliquid.xyz/info "HTTP/1.1 200 OK"
INFO: HTTP Request: POST https://api.hyperliquid.xyz/info "HTTP/1.1 200 OK"
INFO: HTTP Request: GET https://api.finam.ru/v1/instruments/BMK6@RTSX/quotes/latest "HTTP/1.1 200 OK"
INFO: HTTP Request: GET https://api.finam.ru/v1/instruments/BMM6@RTSX/quotes/latest "HTTP/1.1 200 OK"
INFO: HTTP Request: POST https://api.hyperliquid.xyz/info "HTTP/1.1 200 OK"
INFO: HTTP Request: GET https://api.finam.ru/v1/instruments/BMK6@RTSX/quotes/latest "HTTP/1.1 200 OK"
INFO: HTTP Request: GET https://api.finam.ru/v1/instruments/BMM6@RTSX/bars?timeframe=TIME_FRAME_M5&interval.start_time=2026-04-23T14%3A35%3A00Z&interval.end_time=2026-04-23T14%3A45%3A26Z "HTTP/1.1 200 OK"
INFO: HTTP Request: POST https://api.hyperliquid.xyz/info "HTTP/1.1 200 OK"
INFO: HTTP Request: POST https://api.hyperliquid.xyz/info "HTTP/1.1 200 OK"
INFO: HTTP Request: POST https://api.hyperliquid.xyz/info "HTTP/1.1 200 OK"
INFO: HTTP Request: GET https://api.finam.ru/v1/instruments/BMM6@RTSX/quotes/latest "HTTP/1.1 200 OK"
INFO: HTTP Request: GET https://api.finam.ru/v1/instruments/BMM6@RTSX/bars?timeframe=TIME_FRAME_M15&interval.start_time=2026-04-23T14%3A30%3A00Z&interval.end_time=2026-04-23T14%3A45%3A37Z "HTTP/1.1 200 OK"
INFO: HTTP Request: POST https://api.hyperliquid.xyz/info "HTTP/1.1 200 OK"
INFO: HTTP Request: GET https://api.finam.ru/v1/instruments/BMK6@RTSX/quotes/latest "HTTP/1.1 200 OK"
INFO: HTTP Request: POST https://api.hyperliquid.xyz/info "HTTP/1.1 200 OK"
INFO: HTTP Request: GET https://api.finam.ru/v1/instruments/BMM6@RTSX/bars?timeframe=TIME_FRAME_H1&interval.start_time=2026-04-23T14%3A00%3A00Z&interval.end_time=2026-04-23T14%3A45%3A52Z "HTTP/1.1 200 OK"
INFO: HTTP Request: GET https://api.finam.ru/v1/instruments/BMM6@RTSX/quotes/latest "HTTP/1.1 200 OK"
INFO: HTTP Request: POST https://api.hyperliquid.xyz/info "HTTP/1.1 200 OK"
INFO: HTTP Request: POST https://api.hyperliquid.xyz/info "HTTP/1.1 200 OK"
INFO: HTTP Request: GET https://api.finam.ru/v1/instruments/BMK6@RTSX/quotes/latest "HTTP/1.1 200 OK"
INFO: HTTP Request: POST https://api.hyperliquid.xyz/info "HTTP/1.1 200 OK"
INFO: HTTP Request: GET https://api.finam.ru/v1/instruments/BMK6@RTSX/bars?timeframe=TIME_FRAME_M5&interval.start_time=2026-04-23T14%3A35%3A00Z&interval.end_time=2026-04-23T14%3A46%3A06Z "HTTP/1.1 200 OK"
INFO: HTTP Request: GET https://api.finam.ru/v1/instruments/BMM6@RTSX/quotes/latest "HTTP/1.1 200 OK"
INFO: HTTP Request: POST https://api.hyperliquid.xyz/info "HTTP/1.1 200 OK"
INFO: HTTP Request: POST https://api.hyperliquid.xyz/info "HTTP/1.1 200 OK"
INFO: HTTP Request: GET https://api.finam.ru/v1/instruments/BMK6@RTSX/bars?timeframe=TIME_FRAME_M15&interval.start_time=2026-04-23T14%3A30%3A00Z&interval.end_time=2026-04-23T14%3A46%3A17Z "HTTP/1.1 200 OK"
INFO: HTTP Request: GET https://api.finam.ru/v1/instruments/BMK6@RTSX/quotes/latest "HTTP/1.1 200 OK"
INFO: HTTP Request: POST https://api.hyperliquid.xyz/info "HTTP/1.1 200 OK"
INFO: HTTP Request: POST https://api.hyperliquid.xyz/info "HTTP/1.1 200 OK"
INFO: HTTP Request: GET https://api.finam.ru/v1/instruments/BMM6@RTSX/quotes/latest "HTTP/1.1 200 OK"
INFO: HTTP Request: POST https://api.hyperliquid.xyz/info "HTTP/1.1 200 OK"
INFO: HTTP Request: GET https://api.finam.ru/v1/instruments/BMK6@RTSX/quotes/latest "HTTP/1.1 200 OK"
INFO: HTTP Request: GET https://api.finam.ru/v1/instruments/BMK6@RTSX/bars?timeframe=TIME_FRAME_H1&interval.start_time=2026-04-23T14%3A00%3A00Z&interval.end_time=2026-04-23T14%3A46%3A35Z "HTTP/1.1 200 OK"
INFO: HTTP Request: POST https://api.hyperliquid.xyz/info "HTTP/1.1 200 OK"
INFO: HTTP Request: POST https://api.hyperliquid.xyz/info "HTTP/1.1 200 OK"
INFO: HTTP Request: POST https://api.hyperliquid.xyz/info "HTTP/1.1 200 OK"
